<html>
<body>
<pre>
<h1>µVision Build Log</h1>
<h2>Tool Versions:</h2>
IDE-Version: ¦ÌVision V5.14.0.0
Copyright (C) 2015 ARM Ltd and ARM Germany GmbH. All rights reserved.
License Information: 1 1, 1, LIC=KRMW3-ANCA3-FWF2N-Y7ZB3-AWNZA-L12DH
 
Tool Versions:
Toolchain:       MDK-ARM Standard  Version: 5.14.0.0
Toolchain Path:  C:\Keil_v5\ARM\ARMCC\Bin
C Compiler:      Armcc.exe V5.05 update 1 (build 106)
Assembler:       Armasm.exe V5.05 update 1 (build 106)
Linker/Locator:  ArmLink.exe V5.05 update 1 (build 106)
Library Manager: ArmAr.exe V5.05 update 1 (build 106)
Hex Converter:   FromElf.exe V5.05 update 1 (build 106)
CPU DLL:         SARMCM3.DLL V5.14.0.0
Dialog DLL:      DCM.DLL V1.13.1.0
Target DLL:      Segger\JL2CM3.dll V2.99.13.0
Dialog DLL:      TCM.DLL V1.14.4.0
 
<h2>Project:</h2>
C:\Users\Huiyi\Desktop\111\JS_H743VGT6_master20241204\MDK-ARM\JS_H743VGT6.uvprojx
Project File Date:  12/04/2024

<h2>Output:</h2>
Build target 'JS_H743VGT6'
compiling main.c...
linking...
Program Size: Code=19680 RO-data=752 RW-data=112 ZI-data=1992  
FromELF: creating hex file...
"JS_H743VGT6\JS_H743VGT6.axf" - 0 Error(s), 0 Warning(s).

<h2>Software Packages used:</h2>

Package Vendor: ARM
                http://www.keil.com/pack/ARM.CMSIS.5.5.1.pack
                ARM::CMSIS:CORE:5.2.0
                CMSIS (Cortex Microcontroller Software Interface Standard)
   * Component: CORE Version: 5.2.0

<h2>Collection of Component include folders:</h2>
  C:\Users\Huiyi\Desktop\111\JS_H743VGT6_master20241204\MDK-ARM\RTE
  C:\Packs\ARM\CMSIS\5.5.1\CMSIS\Core\Include
  C:\Packs\Keil\STM32H7xx_DFP\3.0.0

<h2>Collection of Component Files used:</h2>

   * Component: ARM::CMSIS:CORE:5.2.0
</pre>
</body>
</html>
