<html>
<body>
<pre>
<h1>µVision Build Log</h1>
<h2>Tool Versions:</h2>
IDE-Version: ¦ÌVision V5.42.0.0
Copyright (C) 2025 ARM Ltd and ARM Germany GmbH. All rights reserved.
License Information: 1 cls, 1, LIC=14HV2-978DG-GKRBG-VRT1X-ZHPE7-AL8RZ
 
Tool Versions:
Toolchain:       MDK-ARM Plus  Version: 5.42.0.0
Toolchain Path:  F:\Keil_v5\ARM\ARMCLANG\Bin
C Compiler:      ArmClang.exe V6.23
Assembler:       Armasm.exe V6.23
Linker/Locator:  ArmLink.exe V6.23
Library Manager: ArmAr.exe V6.23
Hex Converter:   FromElf.exe V6.23
CPU DLL:         SARMCM3.DLL V5.42.0.0
Dialog DLL:      DCM.DLL V1.17.5.0
Target DLL:      Segger\JL2CM3.dll V2.99.45.0
Dialog DLL:      TCM.DLL V1.56.6.0
 
<h2>Project:</h2>
C:\Users\cls\Desktop\radar\RadarRanging_20250731\RadarRanging.uvprojx
Project File Date:  07/23/2025

<h2>Output:</h2>
*** Using Compiler 'V6.23', folder: 'F:\Keil_v5\ARM\ARMCLANG\Bin'
Rebuild target 'RadarMCU'
compiling stm32f4xx_hal.c...
compiling sys.c...
compiling fpga.c...
compiling tim.c...
compiling usart.c...
compiling stmflash.c...
compiling flash.c...
compiling stm32f4xx_it.c...
compiling delay.c...
compiling sram.c...
compiling main.c...
compiling spi.c...
compiling data_process.c...
compiling stm32f4xx_hal_can.c...
compiling com_process.c...
compiling stm32f4xx_hal_cortex.c...
compiling stm32f4xx_hal_dac.c...
compiling stm32f4xx_hal_dac_ex.c...
compiling stm32f4xx_hal_exti.c...
compiling stm32f4xx_hal_flash.c...
compiling stm32f4xx_hal_flash_ramfunc.c...
compiling stm32f4xx_hal_dma_ex.c...
compiling stm32f4xx_hal_iwdg.c...
compiling stm32f4xx_hal_dma.c...
compiling stm32f4xx_hal_flash_ex.c...
compiling stm32f4xx_hal_gpio.c...
compiling stm32f4xx_hal_pwr.c...
compiling stm32f4xx_hal_pwr_ex.c...
compiling stm32f4xx_hal_rcc.c...
compiling stm32f4xx_hal_rcc_ex.c...
compiling stm32f4xx_hal_usart.c...
compiling stm32f4xx_hal_wwdg.c...
compiling stm32f4xx_ll_fmc.c...
assembling startup_stm32f427xx.s...
compiling stm32f4xx_hal_pcd_ex.c...
compiling stm32f4xx_ll_fsmc.c...
compiling stm32f4xx_hal_sram.c...
compiling system_stm32f4xx.c...
compiling stm32f4xx_hal_tim_ex.c...
compiling malloc.c...
compiling stm32f4xx_hal_uart.c...
compiling stm32f4xx_hal_pcd.c...
compiling usbd_core.c...
compiling usbd_cdc.c...
compiling usbd_ioreq.c...
compiling usbd_cdc_interface.c...
compiling usbd_desc.c...
compiling usbd_conf.c...
compiling usbd_ctlreq.c...
compiling stm32f4xx_ll_usb.c...
compiling usbd_hid.c...
compiling BasicMathFunctionsF16.c...
compiling BayesFunctions.c...
compiling BayesFunctionsF16.c...
compiling stm32f4xx_hal_spi.c...
compiling stm32f4xx_hal_tim.c...
compiling ComplexMathFunctionsF16.c...
compiling ControllerFunctions.c...
compiling ComplexMathFunctions.c...
compiling DistanceFunctionsF16.c...
compiling FastMathFunctionsF16.c...
compiling CommonTablesF16.c...
compiling InterpolationFunctionsF16.c...
compiling BasicMathFunctions.c...
compiling InterpolationFunctions.c...
compiling FilteringFunctionsF16.c...
compiling SVMFunctions.c...
compiling QuaternionMathFunctions.c...
compiling FastMathFunctions.c...
compiling DistanceFunctions.c...
compiling SVMFunctionsF16.c...
compiling SupportFunctionsF16.c...
compiling StatisticsFunctionsF16.c...
compiling arm_nn_activation_s16.c...
compiling arm_relu6_s8.c...
compiling MatrixFunctionsF16.c...
compiling arm_relu_q15.c...
compiling arm_relu_q7.c...
compiling SupportFunctions.c...
compiling arm_elementwise_add_s16.c...
compiling arm_elementwise_add_s8.c...
compiling arm_elementwise_mul_acc_s16.c...
compiling WindowFunctions.c...
compiling arm_elementwise_mul_s16.c...
compiling arm_elementwise_mul_s16_batch_offset.c...
compiling arm_elementwise_mul_s16_s8.c...
compiling TransformFunctionsF16.c...
compiling arm_elementwise_mul_s8.c...
compiling arm_concatenation_s8_w.c...
compiling StatisticsFunctions.c...
compiling arm_concatenation_s8_x.c...
compiling arm_maximum_s8.c...
compiling arm_minimum_s8.c...
compiling arm_concatenation_s8_y.c...
compiling arm_convolve_1_x_n_s4.c...
compiling arm_concatenation_s8_z.c...
compiling arm_convolve_1_x_n_s8.c...
compiling arm_convolve_1x1_s4.c...
compiling CommonTables.c...
compiling arm_convolve_1x1_s4_fast.c...
compiling arm_convolve_even_s4.c...
compiling arm_convolve_1x1_s8.c...
compiling arm_convolve_get_buffer_sizes_s16.c...
compiling arm_convolve_1x1_s8_fast.c...
compiling arm_convolve_get_buffer_sizes_s4.c...
compiling arm_convolve_get_buffer_sizes_s8.c...
compiling arm_convolve_wrapper_s16.c...
compiling arm_convolve_wrapper_s4.c...
compiling arm_convolve_wrapper_s8.c...
compiling arm_convolve_s4.c...
compiling arm_convolve_s16.c...
compiling arm_depthwise_conv_get_buffer_sizes_s4.c...
compiling arm_depthwise_conv_get_buffer_sizes_s16.c...
compiling arm_convolve_s8.c...
compiling arm_depthwise_conv_3x3_s8.c...
compiling arm_depthwise_conv_get_buffer_sizes_s8.c...
compiling MatrixFunctions.c...
compiling arm_depthwise_conv_fast_s16.c...
compiling arm_depthwise_conv_s16.c...
compiling arm_depthwise_conv_wrapper_s4.c...
compiling arm_nn_depthwise_conv_s8_core.c...
compiling arm_depthwise_conv_wrapper_s16.c...
compiling arm_depthwise_conv_wrapper_s8.c...
compiling arm_depthwise_conv_s8.c...
compiling arm_depthwise_conv_s8_opt.c...
compiling arm_depthwise_conv_s4_opt.c...
compiling arm_nn_mat_mult_s8.c...
compiling arm_depthwise_conv_s4.c...
compiling arm_nn_mat_mult_kernel_row_offset_s8_s16.c...
compiling arm_nn_mat_mult_kernel_s8_s16.c...
compiling arm_transpose_conv_get_buffer_sizes_s8.c...
compiling arm_nn_mat_mult_kernel_s16.c...
compiling arm_batch_matmul_s16.c...
compiling arm_transpose_conv_wrapper_s8.c...
compiling arm_nn_mat_mult_kernel_s4_s16.c...
compiling arm_fully_connected_get_buffer_sizes_s16.c...
compiling arm_fully_connected_get_buffer_sizes_s8.c...
compiling arm_transpose_conv_s8.c...
compiling arm_batch_matmul_s8.c...
compiling arm_fully_connected_per_channel_s8.c...
compiling arm_fully_connected_s16.c...
compiling arm_fully_connected_wrapper_s8.c...
compiling arm_fully_connected_s4.c...
compiling arm_vector_sum_s8.c...
compiling arm_fully_connected_s8.c...
compiling arm_vector_sum_s8_s64.c...
compiling arm_lstm_unidirectional_s16.c...
compiling arm_nn_depthwise_conv_nt_t_s16.c...
compiling arm_nn_depthwise_conv_nt_t_padded_s8.c...
compiling arm_lstm_unidirectional_s8.c...
compiling arm_nn_depthwise_conv_nt_t_s4.c...
compiling arm_nn_depthwise_conv_nt_t_s8.c...
compiling TransformFunctions.c...
compiling arm_nn_lstm_calculate_gate_s16.c...
compiling arm_nn_lstm_calculate_gate_s8_s16.c...
compiling arm_nn_lstm_step_s8.c...
compiling arm_nn_lstm_step_s16.c...
compiling arm_nn_mat_mul_core_1x_s4.c...
compiling arm_nn_mat_mul_core_1x_s8.c...
compiling arm_nn_mat_mul_core_4x_s8.c...
compiling arm_nn_mat_mult_nt_t_s16.c...
compiling arm_nn_vec_mat_mul_result_acc_s16.c...
compiling arm_nn_mat_mult_nt_t_s8_s32.c...
compiling arm_nn_transpose_conv_row_s8_s32.c...
compiling arm_nn_vec_mat_mul_result_acc_s8_s16.c...
compiling arm_nn_vec_mat_mult_t_s16_s16.c...
compiling arm_nn_vec_mat_mult_t_s16.c...
compiling arm_nntables.c...
compiling arm_nn_mat_mult_nt_t_s8.c...
compiling arm_nn_vec_mat_mult_t_per_ch_s8.c...
compiling arm_nn_vec_mat_mult_t_svdf_s8.c...
compiling arm_nn_vec_mat_mult_t_s4.c...
compiling arm_nn_vec_mat_mult_t_s8.c...
compiling arm_s8_to_s16_unordered_with_offset.c...
compiling arm_avgpool_get_buffer_sizes_s16.c...
compiling arm_q7_to_q15_with_offset.c...
compiling arm_pad_s8.c...
compiling arm_avgpool_get_buffer_sizes_s8.c...
compiling arm_nn_mat_mult_nt_interleaved_t_even_s4.c...
compiling arm_reshape_s8.c...
compiling FilteringFunctions.c...
compiling arm_nn_mat_mult_nt_t_s4.c...
compiling arm_svdf_get_buffer_sizes_s8.c...
compiling arm_avgpool_s16.c...
compiling arm_avgpool_s8.c...
compiling arm_max_pool_s8.c...
compiling arm_max_pool_s16.c...
compiling arm_svdf_s8.c...
compiling arm_softmax_s8.c...
compiling arm_softmax_s8_s16.c...
compiling arm_softmax_s16.c...
compiling arm_svdf_state_s16_s8.c...
compiling arm_transpose_s8.c...
compiling arm_softmax_u8.c...
compiling arm_nn_softmax_common_s8.c...
linking...
Program Size: Code=31260 RO-data=724 RW-data=572 ZI-data=1234604  
FromELF: creating hex file...
".\Objects\RadarRanging.axf" - 0 Error(s), 0 Warning(s).

<h2>Software Packages used:</h2>

Package Vendor: ARM
                https://www.keil.com/pack/ARM.CMSIS.6.1.0.pack
                ARM::CMSIS@6.1.0
                CMSIS (Common Microcontroller Software Interface Standard)
   * Component: CORE Version: 6.1.0

Package Vendor: ARM
                https://www.keil.com/pack/ARM.CMSIS-DSP.1.16.2.pack
                ARM::CMSIS-DSP@1.16.2
                CMSIS Embedded Compute Library
   * Component: DSP Variant: Source Version: 1.16.2

Package Vendor: ARM
                https://www.keil.com/pack/ARM.CMSIS-NN.7.0.0.pack
                ARM::CMSIS-NN@7.0.0
                CMSIS NN software library of efficient neural network kernels
   * Component: NN Lib Version: 7.0.0

Package Vendor: Keil
                https://www.keil.com/pack/Keil.STM32F4xx_DFP.3.1.0.pack
                Keil::STM32F4xx_DFP@3.1.0
                STMicroelectronics STM32F4 Series Device Support

<h2>Collection of Component include folders:</h2>
  ./RTE/_RadarMCU
  F:/Packs/ARM/CMSIS-DSP/1.16.2/Include
  F:/Packs/ARM/CMSIS-DSP/1.16.2/PrivateInclude
  F:/Packs/ARM/CMSIS-NN/7.0.0/Include
  F:/Packs/ARM/CMSIS/6.1.0/CMSIS/Core/Include

<h2>Collection of Component Files used:</h2>

   * Component: ARM::CMSIS:CORE@6.1.0

   * Component: ARM::CMSIS:DSP&Source@1.16.2
      Source file:   Source/SVMFunctions/SVMFunctions.c
      Source file:   Source/TransformFunctions/TransformFunctions.c
      Include file:  Include/arm_const_structs_f16.h
      Source file:   Source/MatrixFunctions/MatrixFunctions.c
      Source file:   Source/ControllerFunctions/ControllerFunctions.c
      Source file:   Source/FilteringFunctions/FilteringFunctions.c
      Source file:   Source/StatisticsFunctions/StatisticsFunctions.c
      Include file:  Include/arm_common_tables.h
      Source file:   Source/BasicMathFunctions/BasicMathFunctions.c
      Include file:  Include/arm_math_f16.h
      Source file:   Source/BayesFunctions/BayesFunctions.c
      Source file:   Source/CommonTables/CommonTables.c
      Source file:   Source/DistanceFunctions/DistanceFunctions.c
      Include file:  Include/arm_const_structs.h
      Source file:   Source/QuaternionMathFunctions/QuaternionMathFunctions.c
      Source file:   Source/ComplexMathFunctions/ComplexMathFunctions.c
      Include file:  Include/arm_common_tables_f16.h
      Source file:   Source/FastMathFunctions/FastMathFunctions.c
      Source file:   Source/SupportFunctions/SupportFunctions.c
      Include file:  Include/arm_math.h
      Source file:   Source/BasicMathFunctions/BasicMathFunctionsF16.c
      Source file:   Source/ComplexMathFunctions/ComplexMathFunctionsF16.c
      Source file:   Source/SVMFunctions/SVMFunctionsF16.c
      Source file:   Source/CommonTables/CommonTablesF16.c
      Source file:   Source/FilteringFunctions/FilteringFunctionsF16.c
      Source file:   Source/InterpolationFunctions/InterpolationFunctionsF16.c
      Source file:   Source/StatisticsFunctions/StatisticsFunctionsF16.c
      Source file:   Source/SupportFunctions/SupportFunctionsF16.c
      Source file:   Source/MatrixFunctions/MatrixFunctionsF16.c
      Source file:   Source/InterpolationFunctions/InterpolationFunctions.c
      Source file:   Source/DistanceFunctions/DistanceFunctionsF16.c
      Source file:   Source/BayesFunctions/BayesFunctionsF16.c
      Source file:   Source/TransformFunctions/TransformFunctionsF16.c
      Source file:   Source/WindowFunctions/WindowFunctions.c
      Source file:   Source/FastMathFunctions/FastMathFunctionsF16.c

   * Component: ARM::CMSIS:NN Lib@7.0.0
      Source file:   Source/ConvolutionFunctions/arm_nn_mat_mult_kernel_s8_s16.c
      Include file:  Include/arm_nn_types.h
      Include file:  Include/arm_nnfunctions.h
      Include file:  Include/arm_nn_math_types.h
      Source file:   Source/ConvolutionFunctions/arm_convolve_1_x_n_s4.c
      Source file:   Source/ConvolutionFunctions/arm_convolve_1_x_n_s8.c
      Source file:   Source/ConvolutionFunctions/arm_nn_mat_mult_kernel_s4_s16.c
      Source file:   Source/ConvolutionFunctions/arm_nn_mat_mult_kernel_s16.c
      Source file:   Source/ConvolutionFunctions/arm_depthwise_conv_wrapper_s8.c
      Source file:   Source/ConvolutionFunctions/arm_convolve_1x1_s8_fast.c
      Source file:   Source/ConvolutionFunctions/arm_convolve_1x1_s8.c
      Include file:  Include/arm_nnsupportfunctions.h
      Source file:   Source/ConvolutionFunctions/arm_depthwise_conv_s8.c
      Source file:   Source/ConvolutionFunctions/arm_convolve_1x1_s4.c
      Source file:   Source/ConvolutionFunctions/arm_convolve_1x1_s4_fast.c
      Include file:  Include/arm_nn_tables.h
      Source file:   Source/ConvolutionFunctions/arm_depthwise_conv_get_buffer_sizes_s8.c
      Source file:   Source/ConvolutionFunctions/arm_depthwise_conv_3x3_s8.c
      Source file:   Source/ConvolutionFunctions/arm_transpose_conv_wrapper_s8.c
      Source file:   Source/ConvolutionFunctions/arm_depthwise_conv_s4_opt.c
      Source file:   Source/ConvolutionFunctions/arm_convolve_even_s4.c
      Source file:   Source/ConvolutionFunctions/arm_depthwise_conv_s4.c
      Source file:   Source/ConcatenationFunctions/arm_concatenation_s8_x.c
      Source file:   Source/ConvolutionFunctions/arm_depthwise_conv_get_buffer_sizes_s16.c
      Source file:   Source/ConvolutionFunctions/arm_convolve_s16.c
      Source file:   Source/ConcatenationFunctions/arm_concatenation_s8_w.c
      Source file:   Source/ConcatenationFunctions/arm_concatenation_s8_y.c
      Source file:   Source/ConcatenationFunctions/arm_concatenation_s8_z.c
      Source file:   Source/ConvolutionFunctions/arm_nn_mat_mult_s8.c
      Source file:   Source/ConvolutionFunctions/arm_convolve_wrapper_s4.c
      Source file:   Source/ConvolutionFunctions/arm_convolve_s8.c
      Source file:   Source/ConvolutionFunctions/arm_convolve_get_buffer_sizes_s16.c
      Source file:   Source/ConvolutionFunctions/arm_convolve_get_buffer_sizes_s8.c
      Source file:   Source/ConvolutionFunctions/arm_depthwise_conv_s16.c
      Source file:   Source/ConvolutionFunctions/arm_convolve_get_buffer_sizes_s4.c
      Source file:   Source/SVDFunctions/arm_svdf_s8.c
      Source file:   Source/SVDFunctions/arm_svdf_state_s16_s8.c
      Source file:   Source/ConvolutionFunctions/arm_convolve_wrapper_s16.c
      Source file:   Source/ConvolutionFunctions/arm_depthwise_conv_get_buffer_sizes_s4.c
      Source file:   Source/ConvolutionFunctions/arm_transpose_conv_get_buffer_sizes_s8.c
      Source file:   Source/ConvolutionFunctions/arm_depthwise_conv_s8_opt.c
      Source file:   Source/ConvolutionFunctions/arm_depthwise_conv_fast_s16.c
      Source file:   Source/ConvolutionFunctions/arm_depthwise_conv_wrapper_s4.c
      Source file:   Source/ConvolutionFunctions/arm_depthwise_conv_wrapper_s16.c
      Source file:   Source/ConvolutionFunctions/arm_convolve_s4.c
      Source file:   Source/ConvolutionFunctions/arm_nn_depthwise_conv_s8_core.c
      Source file:   Source/ConvolutionFunctions/arm_convolve_wrapper_s8.c
      Source file:   Source/ConvolutionFunctions/arm_transpose_conv_s8.c
      Source file:   Source/ActivationFunctions/arm_nn_activation_s16.c
      Source file:   Source/NNSupportFunctions/arm_nn_vec_mat_mult_t_s16_s16.c
      Source file:   Source/NNSupportFunctions/arm_q7_to_q15_with_offset.c
      Source file:   Source/BasicMathFunctions/arm_elementwise_mul_s8.c
      Source file:   Source/ActivationFunctions/arm_relu_q15.c
      Source file:   Source/BasicMathFunctions/arm_elementwise_mul_s16_s8.c
      Source file:   Source/BasicMathFunctions/arm_elementwise_mul_s16_batch_offset.c
      Source file:   Source/BasicMathFunctions/arm_elementwise_add_s8.c
      Source file:   Source/NNSupportFunctions/arm_nn_vec_mat_mult_t_per_ch_s8.c
      Source file:   Source/BasicMathFunctions/arm_elementwise_mul_acc_s16.c
      Source file:   Source/NNSupportFunctions/arm_nn_vec_mat_mult_t_svdf_s8.c
      Source file:   Source/BasicMathFunctions/arm_elementwise_mul_s16.c
      Source file:   Source/NNSupportFunctions/arm_s8_to_s16_unordered_with_offset.c
      Source file:   Source/NNSupportFunctions/arm_nn_mat_mult_nt_t_s4.c
      Source file:   Source/ActivationFunctions/arm_relu6_s8.c
      Source file:   Source/ActivationFunctions/arm_relu_q7.c
      Source file:   Source/NNSupportFunctions/arm_nn_mat_mult_nt_interleaved_t_even_s4.c
      Source file:   Source/BasicMathFunctions/arm_elementwise_add_s16.c
      Source file:   Source/BasicMathFunctions/arm_minimum_s8.c
      Source file:   Source/ReshapeFunctions/arm_reshape_s8.c
      Source file:   Source/TransposeFunctions/arm_transpose_s8.c
      Source file:   Source/PoolingFunctions/arm_avgpool_get_buffer_sizes_s16.c
      Source file:   Source/NNSupportFunctions/arm_nn_vec_mat_mult_t_s4.c
      Source file:   Source/PoolingFunctions/arm_avgpool_s8.c
      Source file:   Source/BasicMathFunctions/arm_maximum_s8.c
      Source file:   Source/PoolingFunctions/arm_max_pool_s8.c
      Source file:   Source/NNSupportFunctions/arm_nn_vec_mat_mult_t_s8.c
      Source file:   Source/PoolingFunctions/arm_avgpool_s16.c
      Source file:   Source/NNSupportFunctions/arm_nn_vec_mat_mult_t_s16.c
      Source file:   Source/SVDFunctions/arm_svdf_get_buffer_sizes_s8.c
      Source file:   Source/PoolingFunctions/arm_max_pool_s16.c
      Source file:   Source/PoolingFunctions/arm_avgpool_get_buffer_sizes_s8.c
      Source file:   Source/FullyConnectedFunctions/arm_fully_connected_get_buffer_sizes_s16.c
      Source file:   Source/NNSupportFunctions/arm_nn_mat_mult_nt_t_s8.c
      Source file:   Source/NNSupportFunctions/arm_nn_depthwise_conv_nt_t_padded_s8.c
      Source file:   Source/FullyConnectedFunctions/arm_fully_connected_get_buffer_sizes_s8.c
      Source file:   Source/NNSupportFunctions/arm_nn_mat_mul_core_4x_s8.c
      Source file:   Source/NNSupportFunctions/arm_nn_mat_mul_core_1x_s4.c
      Source file:   Source/NNSupportFunctions/arm_nn_mat_mul_core_1x_s8.c
      Source file:   Source/FullyConnectedFunctions/arm_vector_sum_s8_s64.c
      Source file:   Source/FullyConnectedFunctions/arm_fully_connected_wrapper_s8.c
      Source file:   Source/FullyConnectedFunctions/arm_vector_sum_s8.c
      Source file:   Source/ConvolutionFunctions/arm_nn_mat_mult_kernel_row_offset_s8_s16.c
      Source file:   Source/NNSupportFunctions/arm_nn_vec_mat_mul_result_acc_s8_s16.c
      Source file:   Source/NNSupportFunctions/arm_nn_mat_mult_nt_t_s8_s32.c
      Source file:   Source/NNSupportFunctions/arm_nntables.c
      Source file:   Source/NNSupportFunctions/arm_nn_transpose_conv_row_s8_s32.c
      Source file:   Source/NNSupportFunctions/arm_nn_vec_mat_mul_result_acc_s16.c
      Source file:   Source/FullyConnectedFunctions/arm_batch_matmul_s16.c
      Source file:   Source/FullyConnectedFunctions/arm_fully_connected_s4.c
      Source file:   Source/NNSupportFunctions/arm_nn_lstm_calculate_gate_s16.c
      Source file:   Source/LSTMFunctions/arm_lstm_unidirectional_s8.c
      Source file:   Source/LSTMFunctions/arm_lstm_unidirectional_s16.c
      Source file:   Source/NNSupportFunctions/arm_nn_lstm_step_s8.c
      Source file:   Source/FullyConnectedFunctions/arm_fully_connected_per_channel_s8.c
      Source file:   Source/FullyConnectedFunctions/arm_fully_connected_s16.c
      Source file:   Source/NNSupportFunctions/arm_nn_mat_mult_nt_t_s16.c
      Source file:   Source/NNSupportFunctions/arm_nn_depthwise_conv_nt_t_s4.c
      Source file:   Source/NNSupportFunctions/arm_nn_lstm_calculate_gate_s8_s16.c
      Source file:   Source/FullyConnectedFunctions/arm_batch_matmul_s8.c
      Source file:   Source/NNSupportFunctions/arm_nn_lstm_step_s16.c
      Source file:   Source/FullyConnectedFunctions/arm_fully_connected_s8.c
      Source file:   Source/NNSupportFunctions/arm_nn_depthwise_conv_nt_t_s16.c
      Source file:   Source/NNSupportFunctions/arm_nn_depthwise_conv_nt_t_s8.c
      Source file:   Source/SoftmaxFunctions/arm_softmax_s16.c
      Source file:   Source/SoftmaxFunctions/arm_softmax_u8.c
      Source file:   Source/SoftmaxFunctions/arm_softmax_s8.c
      Source file:   Source/SoftmaxFunctions/arm_softmax_s8_s16.c
      Source file:   Source/PadFunctions/arm_pad_s8.c
      Source file:   Source/SoftmaxFunctions/arm_nn_softmax_common_s8.c
Build Time Elapsed:  00:00:03
</pre>
</body>
</html>
