<html>
<body>
<pre>
<h1>µVision Build Log</h1>
<h2>Tool Versions:</h2>
IDE-Version: ¦ÌVision V5.42.0.0
Copyright (C) 2025 ARM Ltd and ARM Germany GmbH. All rights reserved.
License Information: 11 528769161@qq.com, 1, LIC=JL28G-VYPQA-302NC-7KUN2-4UUX2-6H4LX
 
Tool Versions:
Toolchain:       MDK-ARM Plus  Version: 5.42.0.0
Toolchain Path:  F:\Keil_v5\ARM\ARMCC\Bin
C Compiler:      Armcc.exe V5.06 update 1 (build 61)
Assembler:       Armasm.exe V5.06 update 1 (build 61)
Linker/Locator:  ArmLink.exe V5.06 update 1 (build 61)
Library Manager: ArmAr.exe V5.06 update 1 (build 61)
Hex Converter:   FromElf.exe V5.06 update 1 (build 61)
CPU DLL:         SARMCM3.DLL V5.42.0.0
Dialog DLL:      DCM.DLL V1.17.5.0
Target DLL:      STLink\ST-LINKIII-KEIL_SWO.dll V3.3.0.0
Dialog DLL:      TCM.DLL V1.56.6.0
 
<h2>Project:</h2>
C:\Users\52876\Desktop\radar_code\radar\MDK-ARM\radar.uvprojx
Project File Date:  07/17/2025

<h2>Output:</h2>
*** Using Compiler 'V5.06 update 1 (build 61)', folder: 'F:\Keil_v5\ARM\ARMCC\Bin'
Rebuild target 'radar'
assembling startup_stm32f427xx.s...
compiling fmc.c...
../Core/Src/fmc.c(113): warning:  #223-D: function "printf" declared implicitly
              printf("Error: Address out of bounds: %u\n", addr);
../Core/Src/fmc.c(129): warning:  #223-D: function "printf" declared implicitly
                  printf("Warning: result_data full at index %u\n", result_index);
../Core/Src/fmc.c: 2 warnings, 0 errors
compiling tim.c...
compiling stm32f4xx_it.c...
compiling spi.c...
../Core/Src/spi.c(217): warning:  #550-D: variable "ret" was set but never used
      uint16_t rxdata, ret;
../Core/Src/spi.c: 1 warning, 0 errors
compiling can.c...
compiling stm32f4xx_hal_msp.c...
compiling usart.c...
compiling stm32f4xx_hal_timebase_tim.c...
compiling gpio.c...
compiling usb_otg.c...
compiling freertos.c...
compiling main.c...
../Middlewares/USB/USB_APP/usbd_cdc_interface.h(56): warning:  #1-D: last line of file ends without a newline
   
../Core/Src/main.c(84): warning:  #177-D: variable "buf_len" was declared but never referenced
  	uint32_t buf_len, data_num, ram_size = 0;
../Core/Src/main.c(84): warning:  #177-D: variable "data_num" was declared but never referenced
  	uint32_t buf_len, data_num, ram_size = 0;
../Core/Src/main.c(84): warning:  #177-D: variable "ram_size" was declared but never referenced
  	uint32_t buf_len, data_num, ram_size = 0;
../Core/Src/main.c(85): warning:  #177-D: variable "spi_ctrl" was declared but never referenced
    uint16_t spi_ctrl = 0x00, disposal_cnt = 60000, read_cnt = 40000, spi_buf[8];
../Core/Src/main.c(85): warning:  #177-D: variable "disposal_cnt" was declared but never referenced
    uint16_t spi_ctrl = 0x00, disposal_cnt = 60000, read_cnt = 40000, spi_buf[8];
../Core/Src/main.c(85): warning:  #177-D: variable "read_cnt" was declared but never referenced
    uint16_t spi_ctrl = 0x00, disposal_cnt = 60000, read_cnt = 40000, spi_buf[8];
../Core/Src/main.c(85): warning:  #177-D: variable "spi_buf" was declared but never referenced
    uint16_t spi_ctrl = 0x00, disposal_cnt = 60000, read_cnt = 40000, spi_buf[8];
../Core/Src/main.c(86): warning:  #177-D: variable "p_data" was declared but never referenced
    uint16_t * p_data;	
../Core/Src/main.c(88): warning:  #177-D: variable "addr" was declared but never referenced
  	uint32_t addr = 0;
../Core/Src/main.c: 10 warnings, 0 errors
compiling stm32f4xx_hal_can.c...
compiling stm32f4xx_hal_gpio.c...
compiling stm32f4xx_hal_rcc.c...
compiling stm32f4xx_hal_dma.c...
compiling stm32f4xx_hal_flash_ex.c...
compiling stm32f4xx_hal_pwr_ex.c...
compiling stm32f4xx_hal_flash.c...
compiling stm32f4xx_hal_flash_ramfunc.c...
compiling stm32f4xx_hal_pwr.c...
compiling stm32f4xx_hal_rcc_ex.c...
compiling stm32f4xx_hal_dma_ex.c...
compiling stm32f4xx_hal_cortex.c...
compiling stm32f4xx_hal.c...
compiling stm32f4xx_hal_exti.c...
compiling stm32f4xx_ll_fmc.c...
compiling stm32f4xx_hal_pcd.c...
compiling stm32f4xx_hal_sram.c...
compiling stm32f4xx_hal_tim.c...
compiling stm32f4xx_hal_tim_ex.c...
compiling stm32f4xx_hal_pcd_ex.c...
compiling stm32f4xx_hal_spi.c...
compiling system_stm32f4xx.c...
compiling stm32f4xx_ll_usb.c...
compiling stm32f4xx_hal_uart.c...
compiling usbd_cdc_interface.c...
..\Middlewares\USB\USB_APP\usbd_cdc_interface.h(56): warning:  #1-D: last line of file ends without a newline
   
..\Middlewares\USB\USB_APP\usbd_cdc_interface.c: 1 warning, 0 errors
compiling usbd_desc.c...
compiling croutine.c...
compiling event_groups.c...
compiling list.c...
compiling usbd_conf.c...
compiling queue.c...
compiling flash.c...
compiling stream_buffer.c...
compiling data_process.c...
..\Drivers\BSP\Src\data_process.c(106): warning:  #177-D: variable "last_cnt" was declared but never referenced
      uint32_t i, last_cnt = 0;
..\Drivers\BSP\Src\data_process.c(327): warning:  #177-D: variable "distance" was declared but never referenced
      uint16_t distance_offset = 0, distance;
..\Drivers\BSP\Src\data_process.c: 2 warnings, 0 errors
compiling com_process.c...
../Middlewares/USB/USB_APP/usbd_cdc_interface.h(56): warning:  #1-D: last line of file ends without a newline
   
..\Drivers\BSP\Src\com_process.c(381): warning:  #1-D: last line of file ends without a newline
  }
..\Drivers\BSP\Src\com_process.c: 2 warnings, 0 errors
compiling usbd_ctlreq.c...
compiling timers.c...
compiling tasks.c...
compiling heap_4.c...
compiling port.c...
compiling delay.c...
compiling sys.c...
compiling usbd_ioreq.c...
compiling usbd_cdc.c...
compiling stmflash.c...
compiling usbd_core.c...
compiling cmsis_os2.c...
linking...
Program Size: Code=29072 RO-data=592 RW-data=732 ZI-data=30100  
FromELF: creating hex file...
"radar\radar.axf" - 0 Error(s), 18 Warning(s).

<h2>Software Packages used:</h2>

Package Vendor: ARM
                https://www.keil.com/pack/ARM.CMSIS.6.1.0.pack
                ARM::CMSIS@6.1.0
                CMSIS (Common Microcontroller Software Interface Standard)
   * Component: CORE Version: 6.1.0

Package Vendor: Keil
                http://www.keil.com/pack/Keil.STM32F4xx_DFP.2.13.0.pack
                Keil::STM32F4xx_DFP@2.13.0
                STMicroelectronics STM32F4 Series Device Support, Drivers and Examples

<h2>Collection of Component include folders:</h2>
  ./RTE/_radar
  F:/Packs/ARM/CMSIS/6.1.0/CMSIS/Core/Include
  F:/Packs/Keil/STM32F4xx_DFP/2.13.0/Drivers/CMSIS/Device/ST/STM32F4xx/Include

<h2>Collection of Component Files used:</h2>

   * Component: ARM::CMSIS:CORE@6.1.0
      Include file:  CMSIS/Core/Include/tz_context.h
Build Time Elapsed:  00:00:32
</pre>
</body>
</html>
