<html>
<body>
<pre>
<h1>µVision Build Log</h1>
<h2>Tool Versions:</h2>
IDE-Version: ¦ÌVision V5.18.0.0
Copyright (C) 2016 ARM Ltd and ARM Germany GmbH. All rights reserved.
License Information: 11 528769161@qq.com, 1, LIC=JL28G-VYPQA-302NC-7KUN2-4UUX2-6H4LX
 
Tool Versions:
Toolchain:       MDK-ARM Standard  Version: 5.18
Toolchain Path:  F:\Keil_v5\ARM\ARMCC\Bin
C Compiler:      Armcc.exe V5.06 update 1 (build 61)
Assembler:       Armasm.exe V5.06 update 1 (build 61)
Linker/Locator:  ArmLink.exe V5.06 update 1 (build 61)
Library Manager: ArmAr.exe V5.06 update 1 (build 61)
Hex Converter:   FromElf.exe V5.06 update 1 (build 61)
CPU DLL:         SARMCM3.DLL V5.18
Dialog DLL:      DCM.DLL V1.13.6.0
Target DLL:      STLink\ST-LINKIII-KEIL_SWO.dll V2.0.18.0
Dialog DLL:      TCM.DLL V1.14.8.0
 
<h2>Project:</h2>
C:\Users\52876\Desktop\cubemx\JS_H743VGT6_master\MDK-ARM\JS_H743VGT6.uvprojx
Project File Date:  09/05/2024

<h2>Output:</h2>
*** Using Compiler 'V5.06 update 1 (build 61)', folder: 'F:\Keil_v5\ARM\ARMCC\Bin'
Rebuild target 'JS_H743VGT6'
assembling startup_stm32h743xx.s...
compiling memorymap.c...
compiling main.c...
compiling gpio.c...
compiling stm32h7xx_hal_msp.c...
compiling stm32h7xx_hal_timebase_tim.c...
compiling tim.c...
compiling stm32h7xx_it.c...
compiling stm32h7xx_hal_cortex.c...
compiling usart.c...
compiling stm32h7xx_hal_rcc.c...
compiling freertos.c...
compiling stm32h7xx_hal_hsem.c...
compiling stm32h7xx_hal_rcc_ex.c...
compiling stm32h7xx_hal_gpio.c...
compiling stm32h7xx_hal_flash.c...
compiling stm32h7xx_hal.c...
compiling stm32h7xx_hal_pwr.c...
compiling stm32h7xx_hal_flash_ex.c...
compiling stm32h7xx_hal_mdma.c...
compiling stm32h7xx_hal_dma_ex.c...
compiling stm32h7xx_hal_pwr_ex.c...
compiling croutine.c...
compiling event_groups.c...
compiling list.c...
compiling queue.c...
compiling stream_buffer.c...
compiling timers.c...
compiling tasks.c...
compiling heap_4.c...
compiling port.c...
compiling stm32h7xx_hal_dma.c...
compiling stm32h7xx_hal_i2c.c...
compiling stm32h7xx_hal_exti.c...
compiling system_stm32h7xx.c...
compiling stm32h7xx_hal_uart_ex.c...
compiling stm32h7xx_hal_i2c_ex.c...
compiling stm32h7xx_hal_tim_ex.c...
compiling cmsis_os2.c...
compiling stm32h7xx_hal_uart.c...
compiling stm32h7xx_hal_tim.c...
linking...
Program Size: Code=40090 RO-data=1322 RW-data=268 ZI-data=21292  
FromELF: creating hex file...
"JS_H743VGT6\JS_H743VGT6.axf" - 0 Error(s), 0 Warning(s).

<h2>Software Packages used:</h2>

Package Vendor: ARM
                http://www.keil.com/pack/ARM.CMSIS.5.7.0.pack
                ARM::CMSIS:CORE:5.4.0
                CMSIS (Cortex Microcontroller Software Interface Standard)
   * Component: CORE Version: 5.4.0

<h2>Collection of Component include folders:</h2>
  C:\Users\52876\Desktop\cubemx\JS_H743VGT6_master\MDK-ARM\RTE
  F:\Packs\ARM\CMSIS\5.7.0\CMSIS\Core\Include
  F:\Packs\Keil\STM32H7xx_DFP\3.0.0\Drivers\CMSIS\Device\ST\STM32H7xx\Include

<h2>Collection of Component Files used:</h2>

   * Component: ARM::CMSIS:CORE:5.4.0
      Include file:  CMSIS\Core\Include\tz_context.h
      Source file:   CMSIS\Core\Template\ARMv8-M\main_s.c
      Source file:   CMSIS\Core\Template\ARMv8-M\tz_context.c
Build Time Elapsed:  00:00:56
</pre>
</body>
</html>
